AELIA
AELIANA
AELIANUS
AELIUS
AEMILIA
AEMILIANA
AEMILIANUS
AEMILIUS
AETIUS
AFRICANUS
AGRIPPA
AGRIPPINA
AHENOBARBUS
ALBA
ALBANUS
ALBINA
ALBINUS
ALBUS
ANTONIA
ANTONINA
ANTONINUS
ANTONIUS
APPIUS
AQUILA
AQUILINA
AQUILINUS
ATILIUS
AUGUSTA
AUGUSTINA
AUGUSTINUS
AUGUSTUS
AULUS
AURELIA
AURELIANA
AURELIANUS
AURELIUS
AVILIUS
AVITUS
BALBINA
BALBINUS
BALBUS
BLANDINA
BLANDINUS
BLANDUS
BLASIUS
BRUTUS
CAECILIA
CAECILIUS
CAELIA
CAELINA
CAELINUS
CAELIUS
CAESAR
CAIUS
CALVUS
CAMILLA
CAMILLUS
CASSIA
CASSIAN
CASSIANUS
CASSIUS
CATO
CELSUS
CICERO
CLAUDIA
CLAUDIUS
CLOELIA
CLOELIUS
CNAEUS
CORNELIA
CORNELIUS
CRISPINUS
CRISPUS
CYPRIANUS
DECIMA
DECIMUS
DIADUMENIANUS
DIOCLETIANUS
DOMITIA
DOMITIANUS
DOMITILLA
DOMITIUS
DRUSA
DRUSILLA
DRUSUS
DUILIUS
EGNATIUS
ENNIUS
FABIA
FABIANA
FABIANUS
FABIOLA
FABIUS
FABRICIA
FABRICIUS
FAUSTA
FAUSTINA
FAUSTINUS
FAUSTUS
FELIX
FESTUS
FLAVIA
FLAVIANA
FLAVIANUS
FLAVIUS
FLORIANA
FLORIANUS
FLORUS
FULVIA
FULVIUS
GAIUS
GALLA
GALLUS
GERMANA
GERMANUS
GLAUCIA
GNAEUS
GORDIANUS
GRATIANA
GRATIANUS
HADRIANA
HADRIANUS
HERMINIA
HERMINIUS
HILARIA
HILARIUS
HORATIA
HORATIUS
HORTENSIA
HORTENSIUS
IANUARIUS
IOVIANUS
IOVITA
IULIA
IULIANA
IULIANUS
IULIUS
IUNIA
IUNIUS
IUVENALIS
JANUARIUS
JOVIAN
JULIA
JULIANA
JULIUS
JUNIA
JUNIUS
LAELIA
LAELIUS
LAURENTIA
LAURENTINA
LAURENTINUS
LAURENTIUS
LIVIA
LIVIANA
LIVIANUS
LIVIUS
LONGINA
LONGINUS
LOUKIOS
LUCANUS
LUCIA
LUCIANA
LUCIANUS
LUCILIA
LUCILIUS
LUCILLA
LUCIUS
LUCRETIA
LUCRETIUS
MANIUS
MANLIUS
MARCELLA
MARCELLINA
MARCELLINUS
MARCELLUS
MARCIA
MARCIANA
MARCIANUS
MARCIUS
MARCUS
MARIANA
MARIANUS
MARINA
MARINUS
MARIUS
MARTIALIS
MARTINA
MARTINUS
MAXENTIUS
MAXIMA
MAXIMIANUS
MAXIMILIANA
MAXIMILIANUS
MAXIMINUS
MAXIMUS
NAEVIUS
NERO
NERVA
NONA
NONUS
OCTAVIA
OCTAVIANUS
OCTAVIUS
OTHO
OVIDIUS
PAULA
PAULINA
PAULINUS
PAULUS
PETRONIA
PETRONIUS
PLINIUS
POMPEIUS
POMPILIUS
POMPONIA
POMPONIUS
PONTIUS
PORCIA
PORCIUS
PRISCA
PRISCILLA
PRISCUS
PUBLIUS
QUINTILIANUS
QUINTILLUS
QUINTINA
QUINTINUS
QUINTIUS
QUINTUS
REGULUS
ROMILIUS
RUFINA
RUFINUS
RUFUS
SABINA
SABINUS
SALVIUS
SATURNINA
SATURNINUS
SCAEVOLA
SECUNDINUS
SECUNDUS
SENECA
SEPTIMA
SEPTIMIUS
SEPTIMUS
SERGIUS
SERVIUS
SEVERIANUS
SEVERINA
SEVERINUS
SEVERUS
SEXTILIUS
SEXTUS
SILVANUS
SPURIUS
TACITA
TACITUS
TARQUINIUS
TATIANA
TATIANUS
TATIUS
TERENTIUS
TERTIA
TERTIUS
THRACIUS
TIBERIUS
TIBURTIUS
TITIANA
TITIANUS
TITUS
TRAIANUS
TULLIA
TULLIUS
VALENS
VALENTINA
VALENTINIANUS
VALENTINUS
VALERIA
VALERIANA
VALERIANUS
VALERIUS
VARINIA
VARINIUS
VARIUS
VERGILIUS
VERGINIA
VERGINIUS
VESPASIANUS
VIBIANA
VIBIANUS
VIBIUS
VINICIUS
VIRGINIA
VITA
VITUS