ÆBBE
ÆLFFLÆD
ÆLFGAR
ÆLFGIFU
ÆLFHEAH
ÆLFNOÐ
ÆLFRÆD
ÆLFRIC
ÆLFSIGE
ÆLFSTAN
ÆLFSWIÞ
ÆLFÞRYÐ
ÆLFTHRYTH
ÆLFWEARD
ÆLFWIG
ÆLFWINE
ÆLRED
ÆSC
ÆÞELBEORHT
ÆÐELBERHT
ÆÐELFLÆD
ÆTHELFLÆD
ÆÐELFRIÐ
ÆÐELMÆR
ÆTHELNOÐ
ÆÐELRÆD
ÆÞELRÆD
ÆTHELRED
ÆÐELRIC
ÆTHELRIC
ÆÐELSTAN
ÆTHELSTAN
ÆÐELÞRYÐ
ÆTHELTHRYTH
ÆTHELWEARD
ÆÐELWINE
ÆTHELWINE
BADA
BEORHTRIC
BEORHTSIGE
BEORNRÆD
CEADDA
CENHELM
CENRIC
CEOLMUND
CERDIC
COLA
CUTHBERHT
CYNEBALD
CYNEBURG
CYNEBURGA
CYNEFRITH
CYNEFRIÐ
CYNEHEARD
CYNEMÆR
CYNERIC
CYNESIGE
CYNEWEARD
DEORWINE
DUDDA
DUNSTAN
EADBERHT
EADBURG
EADBURGA
EADGAR
EADGYÐ
EADMUND
EADRIC
EADWALD
EADWEARD
EADWIG
EADWINE
EADWULF
EALDGYÐ
EALDRÆD
EALDWINE
EALHHERE
EALHSTAN
EARDWULF
EASTMUND
ECGBERHT
EOFORHILD
EOFORWINE
FRIÐUSWIÞ
GLÆDWINE
GODGIFU
GODIVA
GODRIC
GODWINE
HEARD
HEREWARD
HEREWEALD
HILD
HILDA
HILDRÆD
HROÐGAR
HROTHGAR
HROÐULF
HROTHULF
LEOFDÆG
LEOFFLÆD
LEOFGYÐ
LEOFRIC
LEOFSIGE
LEOFSTAN
LEOFWINE
MILDBURG
MILDGYÐ
MILDÞRYÐ
OSBEORN
OSBERHT
OSGAR
OSMUND
OSWALD
OSWINE
PÆGA
SÆWINE
SIGEBERHT
SIGEWEARD
STITHULF
SUNNGIFU
SWIÐHUN
TATA
UHTRIC
WASSA
WEALDMÆR
WEALHMÆR
WEMBA
WIGBERHT
WIGHEARD
WIGMUND
WIGSTAN
WILBURG
WILBURH
WILFRITH
WILFRIÐ
WILHEARD
WILMǢR
WINE
WINFRITH
WINFRIÐ
WULFNOÐ
WULFRIC
WULFSIGE
WULFSTAN
WYNNSTAN