AKANTHA
ACHELOUS
ACHILLES
ADONIS
ADRASTEA
ADRASTOS
AEGLE
AELLA
AEOLUS
AESON
AGAMEMNON
AGAUE
AGLAIA
AIAS
AIGLE
AINEIAS
AIOLOS
AJAX
AKANTHA
ALEKTO
ALEXANDER
ALEXANDRA
ALEXANDROS
ALKEIDES
ALKIPPE
ALKMENE
ALKYONE
ALTHEA
AMALTHEA
AMALTHEIA
ANDROMACHE
ANDROMEDA
ANTHEA
ANTHEIA
ANTIGONE
ANTIOPE
AOIDE
APHRODITE
APOLLO
APOLLON
ARACHNE
ARES
ARETE
ARETHOUSA
ARETHUSA
ARGUS
ARIADNE
ARISTAEUS
ARISTAIOS
ARISTODEMOS
ARTEMIS
ASKANIOS
ASKLEPIOS
ASTRAIA
ATALANTA
ATHENA
ATHENE
ATLAS
ATROPOS
BACCHUS
BRISEIS
BRONTES
CHARON
CHLOE
CHLORIS
CHRYSEIS
CHRYSES
DAEDALUS
DAIDALOS
DAMOKLES
DAMON
DANAË
DAPHNE
DARDANOS
DEIANIRA
DEIMOS
DELIA
DEMETER
DESPOINA
DIKE
DIOMEDES
DIONE
DIONYSOS
DORIS
ECHO
EILEITHYIA
EIRENE
ELEKTRA
ELPIS
ENDYMION
ENYO
EOS
EPIMETHEUS
ERATO
EREBOS
ERIS
EROS
EUADNE
EUANDROS
EUANTHE
EUDORA
EUNOMIA
EUPHROSYNE
EUROPA
EUROPE
EURYALOS
EURYDIKE
EUTERPE
EVADNE
EVANDER
GAIA
GANYMEDE
GANYMEDES
GLAUKOS
HADES
HALKYONE
HARMONIA
HEBE
HEKABE
HEKATE
HEKTOR
HELEN
HELENA
HELENE
HELIOS
HELLE
HEMERA
HEPHAISTOS
HERA
HERAKLES
HERMES
HERMIONE
HERO
HESTIA
HIPPOLYTA
HIPPOLYTE
HIPPOLYTOS
HYACINTH
HYAKINTHOS
HYPERION
IACCHUS
IANTHE
IAPETOS
IASON
IKAROS
ILITHYIA
IOKASTE
IOLE
ION
IONE
IPHIGENIA
IRENE
IRIS
ISMENE
JASON
JOCASTA
KADMOS
KALLIOPE
KALLIRHOE
KALLISTO
KALYPSO
KARME
KASSANDRA
KASSIOPEIA
KASTOR
KEPHALOS
KEPHEUS
KERBEROS
KIRKE
KLEIO
KLOTHO
KLYTAIMNESTRA
KLYTIË
KOIOS
KORE
KORË
KORONIS
KREIOS
KRONOS
KYNTHIA
LACHESIS
LAIOS
LAMIA
LARISA
LARISSA
LEANDER
LEANDROS
LEDA
LETO
LIGEIA
LINOS
LYCURGUS
LYKOS
LYKOURGOS
LYSSA
MAIA
MEDEA
MEDEIA
MEDUSA
MEGAIRA
MELAINA
MELANTHIOS
MELETE
MELIA
MELISSA
MELPOMENE
MENELAOS
MENTOR
MEROPE
METIS
MIDAS
MINOS
MNEME
MNEMOSYNE
MORPHEUS
MYLES
NARKISSOS
NAUSIKAA
NEILOS
NEMESIS
NEOPTOLEMOS
NEPHELE
NEREUS
NESTOR
NIKE
NIKEPHOROS
NILUS
NIOBE
NYX
ODYSSEUS
OENONE
OIDIPOUS
OINONE
OKEANOS
ORESTES
ORION
ORPHEUS
OURANIA
OURANOS
PALLAS
PAN
PANDORA
PARIS
PARTHENIA
PARTHENOPE
PATROKLOS
PEGASUS
PENELOPE
PERSEPHONE
PERSEUS
PHAENNA
PHAIDRA
PHILANDER
PHILANDROS
PHILOMELA
PHINEUS
PHOBOS
PHOEBE
PHOEBUS
PHRIXOS
PHYLLIS
PISTIS
PLOUTON
PLUTO
POLYDEUKES
POLYHYMNIA
POLYMNIA
POLYXENA
POLYXENE
PONTOS
POSEIDON
PRAXIS
PRIAM
PRIAMOS
PRIAPOS
PROMETHEUS
PROTEUS
PSYCHE
PYRRHOS
PYTHIOS
RHEA
RHEIE
SARPEDON
SELENA
SELENE
SEMELE
SIMON
TERPSICHORE
TETHYS
THALIA
THANATOS
THEIA
THEMIS
THESEUS
TISIPHONE
TYCHE
TYCHON
URANIA
URANUS
XANTHE
XANTHOS
ZEPHYR
ZEPHYROS
ZEUS
