ADERYN
AERON
AERONA
AERONWEN
AERONWY
AFANEN
AFON
ALED
ALIS
ALUN
ALWYN
ANDRAS
ANEIRIN
ANEURIN
ANGHARAD
ANWEN
ARANRHOD
ARIANRHOD
ARWEL
ARWYN
AWSTIN
BEDWYR
BERWYN
BETHAN
BETRYS
BLEDDYN
BLODEUWEDD
BLODEUYN
BLODWEN
BRAN
BRANWEN
BRIALLEN
BRIN
BRON
BRONWEN
BRONWYN
BRYN
BRYNMOR
CADELL
CADFAEL
CADFAN
CADI
CADOC
CADOGAN
CADWALADER
CADWGAN
CAERWYN
CARADOC
CARADOG
CARON
CARWYN
CARYS
CATRIN
CEFIN
CEINWEN
CELYN
CERI
CERIDWEN
CERRIDWEN
CERRIDWYN
CERYS
CLEDWYN
COLWYN
CRYSTIN
CULHWCH
CYSTENNIN
DAFYDD
DAI
DEINIOL
DELWYN
DELYTH
DERYN
DEWI
DEWYDD
DILWEN
DILWYN
DILYS
DRYSTAN
DYLAN
DYLIS
EFA
EFAN
EIFION
EILUNED
EILWEN
EINION
EIRA
EIRIAN
EIRLYS
EIRWEN
ELAIN
ELEN
ELERI
ELIN
ELIS
ELUNED
EMLYN
EMRYS
EMYR
ENFYS
ENID
ERCWLFF
ESYLLT
EURIG
EURWEN
FFION
FFLUR
FFRAID
FFRANSIS
FOLANT
GAENOR
GARETH
GAWAIN
GERAINT
GERALLT
GETHIN
GLADYS
GLAW
GLENDA
GLENDOWER
GLENICE
GLENNIS
GLENYS
GLYN
GLYNDWR
GLYNIS
GLYNN
GORONWY
GRIFFITH
GRIGOR
GRONW
GRUFFUD
GRUFFUDD
GRUFFYDD
GRWN
GUTO
GWALLTER
GWAWR
GWEN
GWENDA
GWENDOLEN
GWENDOLINE
GWENDOLYN
GWENETH
GWENFREWI
GWENITH
GWENLLIAN
GWENNETH
GWENYTH
GWIL
GWILIM
GWILLYM
GWILYM
GWLADUS
GWLADYS
GWYN
GWYNEDD
GWYNEIRA
GWYNETH
GWYNFOR
GWYNN
GWYTHYR
HAF
HARRI
HAUL
HEDDWYN
HEFIN
HEFINA
HEILYN
HELEDD
HEULWEN
HOPCYN
HOWELL
HUW
HYLEDD
HYWEL
IAGO
IANTO
IDRIS
IDWAL
IEFAN
IESTYN
IEUAN
IFAN
IFOR
ILAR
ILLTYD
IOAN
IOLO
IOLYN
IORWERTH
ISLWYN
ITHEL
IWAN
LEOLIN
LEWELLA
LLEUCU
LLEW
LLEWELLA
LLEWELLYN
LLEWELYN
LLINOS
LLYWELLYN
LLYWELYN
LOWRI
LUC
LUNED
MABON
MABYN
MACSEN
MADOC
MADOG
MAIR
MAIRWEN
MALDWYN
MALLT
MARC
MARED
MAREDUDD
MARGED
MARI
MARTYN
MEGAN
MEICAL
MEINIR
MEINWEN
MEIRION
MEIRIONA
MEREDITH
MEREDYDD
MERERID
MERFIN
MERFYN
MERRION
MEURIC
MEURIG
MIHANGEL
MORGAN
MORWEN
MORWENNA
MOSTYN
MYF
MYFANWY
NEIFION
NEIRIN
NERYS
NEST
NESTA
NIA
NON
NYE
OFYDD
OLWEN
OLWIN
OLWYN
OWAIN
OWEN
OWENA
PADERAU
PADRIG
PEDR
PRYDERI
RHEINALLT
RHIAN
RHIANNON
RHIANON
RHIANU
RHISIART
RHODRI
RHONWEN
RHOSYN
RHYDDERCH
RHYS
RIANNON
SAWYL
SEREN
SIÂN
SIANA
SIANI
SIARL
SIEFFRE
SIÔN
SIONED
SIÔR
SIORS
SIORUS
SIWAN
STEFFAN
TALFRYN
TALIESIN
TEGAN
TEGID
TEGWEN
TESNI
TIWLIP
TOMI
TOMOS
TRAHAEARN
TREFOR
TRISTAN
TRYSTAN
TUDOR
TUDUR
TWM
URIEN
WYN
WYNFOR
WYNN
YORATH